C51 COMPILER V8.12   COURSEWAK                                                             12/07/2015 18:33:24 PAGE 1   


C51 COMPILER V8.12, COMPILATION OF MODULE COURSEWAK
OBJECT MODULE PLACED IN coursewak.OBJ
COMPILER INVOKED BY: C:\Keil\C51\BIN\C51.EXE coursewak.c BROWSE DEBUG OBJECTEXTEND

line level    source

   1          #include<reg52.h>
   2          #include "keypad.h"
   3          #include "write.h"
   4          #include "lightled.h"
   5          
   6          void delay(unsigned int no);
   7          void enable();
   8          void lcdcmd(unsigned int  command);
   9          void lcddata(char data1);
  10          void lcdint();
  11          char keypad();
  12          void lcd_string(unsigned char *s);
  13          void disp(unsigned char c);
  14          
  15                                                                                           
  16          
  17          unsigned int m = 0;
  18          unsigned int flag = 0;
  19          
  20          char *p;
  21          void main(){
  22   1              while(1){
  23   2                      led=0;          
  24   2                      enter_password();       
  25   2              }               
  26   1      }


MODULE INFORMATION:   STATIC OVERLAYABLE
   CODE SIZE        =   1050    ----
   CONSTANT SIZE    =    183    ----
   XDATA SIZE       =   ----    ----
   PDATA SIZE       =   ----    ----
   DATA SIZE        =     49       7
   IDATA SIZE       =   ----    ----
   BIT SIZE         =   ----    ----
END OF MODULE INFORMATION.


C51 COMPILATION COMPLETE.  0 WARNING(S),  0 ERROR(S)
